Farmer Report - Region: test
Generated: 15-Sep-2025 11:08:09
------------------------------------------------------------
Crop Health (CNN): no image found
NDVI Trend (LSTM): not enough NDVI dates
Soil Moisture: no soil_moisture.tif found
Pest Risk: no_pest (NDVI=NaN, Humidity=69.0%)
Action: Pest risk low, monitor regularly
------------------------------------------------------------
